// Jest Snapshot v1, https://goo.gl/fbAQLP

exports[`should render correctly 1`] = `
<div
  className="quality-profile-rules-sonarway-missing clearfix"
>
  <span
    className="pull-left"
  >
    quality_profiles.sonarway_missing_rules
    <Tooltip
      overlay="quality_profiles.sonarway_missing_rules_description"
      placement="bottom"
    >
      <i
        className="icon-help spacer-left"
      />
    </Tooltip>
  </span>
  <Link
    className="pull-right"
    onlyActiveOnIndex={false}
    style={Object {}}
    to={
      Object {
        "pathname": "/organizations/foo/rules",
        "query": Object {
          "activation": "false",
          "compareToProfile": "baz",
          "languages": "Java",
          "qprofile": "bar",
        },
      }
    }
  >
    158
  </Link>
</div>
`;
